Archive member included to satisfy reference by file (symbol)

/Applications/STM32CubeIDE.app/Contents/Eclipse/plugins/com.st.stm32cube.ide.mcu.externaltools.gnu-tools-for-stm32.11.3.rel1.macos64_1.1.1.202309131626/tools/bin/../lib/gcc/arm-none-eabi/11.3.1/../../../../arm-none-eabi/lib/thumb/v7-m/nofp/libc_nano.a(libc_a-atoi.o)
                              ./Core/Src/console.o (atoi)
/Applications/STM32CubeIDE.app/Contents/Eclipse/plugins/com.st.stm32cube.ide.mcu.externaltools.gnu-tools-for-stm32.11.3.rel1.macos64_1.1.1.202309131626/tools/bin/../lib/gcc/arm-none-eabi/11.3.1/../../../../arm-none-eabi/lib/thumb/v7-m/nofp/libc_nano.a(libc_a-exit.o)
                              /Applications/STM32CubeIDE.app/Contents/Eclipse/plugins/com.st.stm32cube.ide.mcu.externaltools.gnu-tools-for-stm32.11.3.rel1.macos64_1.1.1.202309131626/tools/bin/../lib/gcc/arm-none-eabi/11.3.1/../../../../arm-none-eabi/lib/thumb/v7-m/nofp/crt0.o (exit)
/Applications/STM32CubeIDE.app/Contents/Eclipse/plugins/com.st.stm32cube.ide.mcu.externaltools.gnu-tools-for-stm32.11.3.rel1.macos64_1.1.1.202309131626/tools/bin/../lib/gcc/arm-none-eabi/11.3.1/../../../../arm-none-eabi/lib/thumb/v7-m/nofp/libc_nano.a(libc_a-findfp.o)
                              /Applications/STM32CubeIDE.app/Contents/Eclipse/plugins/com.st.stm32cube.ide.mcu.externaltools.gnu-tools-for-stm32.11.3.rel1.macos64_1.1.1.202309131626/tools/bin/../lib/gcc/arm-none-eabi/11.3.1/../../../../arm-none-eabi/lib/thumb/v7-m/nofp/libc_nano.a(libc_a-exit.o) (__stdio_exit_handler)
/Applications/STM32CubeIDE.app/Contents/Eclipse/plugins/com.st.stm32cube.ide.mcu.externaltools.gnu-tools-for-stm32.11.3.rel1.macos64_1.1.1.202309131626/tools/bin/../lib/gcc/arm-none-eabi/11.3.1/../../../../arm-none-eabi/lib/thumb/v7-m/nofp/libc_nano.a(libc_a-strtol.o)
                              /Applications/STM32CubeIDE.app/Contents/Eclipse/plugins/com.st.stm32cube.ide.mcu.externaltools.gnu-tools-for-stm32.11.3.rel1.macos64_1.1.1.202309131626/tools/bin/../lib/gcc/arm-none-eabi/11.3.1/../../../../arm-none-eabi/lib/thumb/v7-m/nofp/libc_nano.a(libc_a-atoi.o) (_strtol_r)
/Applications/STM32CubeIDE.app/Contents/Eclipse/plugins/com.st.stm32cube.ide.mcu.externaltools.gnu-tools-for-stm32.11.3.rel1.macos64_1.1.1.202309131626/tools/bin/../lib/gcc/arm-none-eabi/11.3.1/../../../../arm-none-eabi/lib/thumb/v7-m/nofp/libc_nano.a(libc_a-fwalk.o)
                              /Applications/STM32CubeIDE.app/Contents/Eclipse/plugins/com.st.stm32cube.ide.mcu.externaltools.gnu-tools-for-stm32.11.3.rel1.macos64_1.1.1.202309131626/tools/bin/../lib/gcc/arm-none-eabi/11.3.1/../../../../arm-none-eabi/lib/thumb/v7-m/nofp/libc_nano.a(libc_a-findfp.o) (_fwalk_sglue)
/Applications/STM32CubeIDE.app/Contents/Eclipse/plugins/com.st.stm32cube.ide.mcu.externaltools.gnu-tools-for-stm32.11.3.rel1.macos64_1.1.1.202309131626/tools/bin/../lib/gcc/arm-none-eabi/11.3.1/../../../../arm-none-eabi/lib/thumb/v7-m/nofp/libc_nano.a(libc_a-memset.o)
                              /Applications/STM32CubeIDE.app/Contents/Eclipse/plugins/com.st.stm32cube.ide.mcu.externaltools.gnu-tools-for-stm32.11.3.rel1.macos64_1.1.1.202309131626/tools/bin/../lib/gcc/arm-none-eabi/11.3.1/../../../../arm-none-eabi/lib/thumb/v7-m/nofp/crt0.o (memset)
/Applications/STM32CubeIDE.app/Contents/Eclipse/plugins/com.st.stm32cube.ide.mcu.externaltools.gnu-tools-for-stm32.11.3.rel1.macos64_1.1.1.202309131626/tools/bin/../lib/gcc/arm-none-eabi/11.3.1/../../../../arm-none-eabi/lib/thumb/v7-m/nofp/libc_nano.a(libc_a-impure.o)
                              /Applications/STM32CubeIDE.app/Contents/Eclipse/plugins/com.st.stm32cube.ide.mcu.externaltools.gnu-tools-for-stm32.11.3.rel1.macos64_1.1.1.202309131626/tools/bin/../lib/gcc/arm-none-eabi/11.3.1/../../../../arm-none-eabi/lib/thumb/v7-m/nofp/libc_nano.a(libc_a-strtol.o) (_impure_ptr)
/Applications/STM32CubeIDE.app/Contents/Eclipse/plugins/com.st.stm32cube.ide.mcu.externaltools.gnu-tools-for-stm32.11.3.rel1.macos64_1.1.1.202309131626/tools/bin/../lib/gcc/arm-none-eabi/11.3.1/../../../../arm-none-eabi/lib/thumb/v7-m/nofp/libc_nano.a(libc_a-errno.o)
                              ./Core/Src/syscalls.o (__errno)
/Applications/STM32CubeIDE.app/Contents/Eclipse/plugins/com.st.stm32cube.ide.mcu.externaltools.gnu-tools-for-stm32.11.3.rel1.macos64_1.1.1.202309131626/tools/bin/../lib/gcc/arm-none-eabi/11.3.1/../../../../arm-none-eabi/lib/thumb/v7-m/nofp/libc_nano.a(libc_a-init.o)
                              /Applications/STM32CubeIDE.app/Contents/Eclipse/plugins/com.st.stm32cube.ide.mcu.externaltools.gnu-tools-for-stm32.11.3.rel1.macos64_1.1.1.202309131626/tools/bin/../lib/gcc/arm-none-eabi/11.3.1/../../../../arm-none-eabi/lib/thumb/v7-m/nofp/crt0.o (__libc_init_array)
/Applications/STM32CubeIDE.app/Contents/Eclipse/plugins/com.st.stm32cube.ide.mcu.externaltools.gnu-tools-for-stm32.11.3.rel1.macos64_1.1.1.202309131626/tools/bin/../lib/gcc/arm-none-eabi/11.3.1/../../../../arm-none-eabi/lib/thumb/v7-m/nofp/libc_nano.a(libc_a-lock.o)
[...]
Memory Configuration

Name             Origin             Length             Attributes
RAM              0x0000000020000000 0x0000000000008000 xrw
FLASH            0x0000000008000000 0x0000000000040000 xr
*default*        0x0000000000000000 0xffffffffffffffff

Linker script and memory map

LOAD /Applications/STM32CubeIDE.app/Contents/Eclipse/plugins/com.st.stm32cube.ide.mcu.externaltools.gnu-tools-for-stm32.11.3.rel1.macos64_1.1.1.202309131626/tools/bin/../lib/gcc/arm-none-eabi/11.3.1/thumb/v7-m/nofp/crti.o
LOAD /Applications/STM32CubeIDE.app/Contents/Eclipse/plugins/com.st.stm32cube.ide.mcu.externaltools.gnu-tools-for-stm32.11.3.rel1.macos64_1.1.1.202309131626/tools/bin/../lib/gcc/arm-none-eabi/11.3.1/thumb/v7-m/nofp/crtbegin.o
LOAD /Applications/STM32CubeIDE.app/Contents/Eclipse/plugins/com.st.stm32cube.ide.mcu.externaltools.gnu-tools-for-stm32.11.3.rel1.macos64_1.1.1.202309131626/tools/bin/../lib/gcc/arm-none-eabi/11.3.1/../../../../arm-none-eabi/lib/thumb/v7-m/nofp/crt0.o
LOAD ./Core/Src/console.o
LOAD ./Core/Src/consoleCommands.o
LOAD ./Core/Src/consoleIo.o
LOAD ./Core/Src/gpio.o
LOAD ./Core/Src/main.o
LOAD ./Core/Src/stm32l1xx_hal_msp.o
LOAD ./Core/Src/stm32l1xx_it.o
LOAD ./Core/Src/syscalls.o
LOAD ./Core/Src/sysmem.o
LOAD ./Core/Src/system_stm32l1xx.o
LOAD ./Core/Src/usart.o
LOAD ./Core/Startup/startup_stm32l152rctx.o
LOAD ./Drivers/STM32L1xx_HAL_Driver/Src/stm32l1xx_hal.o
LOAD ./Drivers/STM32L1xx_HAL_Driver/Src/stm32l1xx_hal_cortex.o
LOAD ./Drivers/STM32L1xx_HAL_Driver/Src/stm32l1xx_hal_dma 2.o
LOAD ./Drivers/STM32L1xx_HAL_Driver/Src/stm32l1xx_hal_exti.o
LOAD ./Drivers/STM32L1xx_HAL_Driver/Src/stm32l1xx_hal_flash.o
LOAD ./Drivers/STM32L1xx_HAL_Driver/Src/stm32l1xx_hal_flash_ex.o
LOAD ./Drivers/STM32L1xx_HAL_Driver/Src/stm32l1xx_hal_flash_ramfunc.o
LOAD ./Drivers/STM32L1xx_HAL_Driver/Src/stm32l1xx_hal_gpio.o
LOAD ./Drivers/STM32L1xx_HAL_Driver/Src/stm32l1xx_hal_pwr 2.o
LOAD ./Drivers/STM32L1xx_HAL_Driver/Src/stm32l1xx_hal_pwr_ex.o
LOAD ./Drivers/STM32L1xx_HAL_Driver/Src/stm32l1xx_hal_rcc.o
LOAD ./Drivers/STM32L1xx_HAL_Driver/Src/stm32l1xx_hal_rcc_ex.o
LOAD ./Drivers/STM32L1xx_HAL_Driver/Src/stm32l1xx_hal_uart.o
START GROUP
LOAD /Applications/STM32CubeIDE.app/Contents/Eclipse/plugins/com.st.stm32cube.ide.mcu.externaltools.gnu-tools-for-stm32.11.3.rel1.macos64_1.1.1.202309131626/tools/bin/../lib/gcc/arm-none-eabi/11.3.1/../../../../arm-none-eabi/lib/thumb/v7-m/nofp/libc_nano.a
LOAD /Applications/STM32CubeIDE.app/Contents/Eclipse/plugins/com.st.stm32cube.ide.mcu.externaltools.gnu-tools-for-stm32.11.3.rel1.macos64_1.1.1.202309131626/tools/bin/../lib/gcc/arm-none-eabi/11.3.1/../../../../arm-none-eabi/lib/thumb/v7-m/nofp/libm.a
END GROUP
START GROUP
LOAD /Applications/STM32CubeIDE.app/Contents/Eclipse/plugins/com.st.stm32cube.ide.mcu.externaltools.gnu-tools-for-stm32.11.3.rel1.macos64_1.1.1.202309131626/tools/bin/../lib/gcc/arm-none-eabi/11.3.1/thumb/v7-m/nofp/libgcc.a
LOAD /Applications/STM32CubeIDE.app/Contents/Eclipse/plugins/com.st.stm32cube.ide.mcu.externaltools.gnu-tools-for-stm32.11.3.rel1.macos64_1.1.1.202309131626/tools/bin/../lib/gcc/arm-none-eabi/11.3.1/../../../../arm-none-eabi/lib/thumb/v7-m/nofp/libc_nano.a
END GROUP
START GROUP
LOAD /Applications/STM32CubeIDE.app/Contents/Eclipse/plugins/com.st.stm32cube.ide.mcu.externaltools.gnu-tools-for-stm32.11.3.rel1.macos64_1.1.1.202309131626/tools/bin/../lib/gcc/arm-none-eabi/11.3.1/thumb/v7-m/nofp/libgcc.a
LOAD /Applications/STM32CubeIDE.app/Contents/Eclipse/plugins/com.st.stm32cube.ide.mcu.externaltools.gnu-tools-for-stm32.11.3.rel1.macos64_1.1.1.202309131626/tools/bin/../lib/gcc/arm-none-eabi/11.3.1/../../../../arm-none-eabi/lib/thumb/v7-m/nofp/libc_nano.a
LOAD /Applications/STM32CubeIDE.app/Contents/Eclipse/plugins/com.st.stm32cube.ide.mcu.externaltools.gnu-tools-for-stm32.11.3.rel1.macos64_1.1.1.202309131626/tools/bin/../lib/gcc/arm-none-eabi/11.3.1/../../../../arm-none-eabi/lib/thumb/v7-m/nofp/libnosys.a
END GROUP
START GROUP
LOAD /Applications/STM32CubeIDE.app/Contents/Eclipse/plugins/com.st.stm32cube.ide.mcu.externaltools.gnu-tools-for-stm32.11.3.rel1.macos64_1.1.1.202309131626/tools/bin/../lib/gcc/arm-none-eabi/11.3.1/thumb/v7-m/nofp/libgcc.a
LOAD /Applications/STM32CubeIDE.app/Contents/Eclipse/plugins/com.st.stm32cube.ide.mcu.externaltools.gnu-tools-for-stm32.11.3.rel1.macos64_1.1.1.202309131626/tools/bin/../lib/gcc/arm-none-eabi/11.3.1/../../../../arm-none-eabi/lib/thumb/v7-m/nofp/libc_nano.a
LOAD /Applications/STM32CubeIDE.app/Contents/Eclipse/plugins/com.st.stm32cube.ide.mcu.externaltools.gnu-tools-for-stm32.11.3.rel1.macos64_1.1.1.202309131626/tools/bin/../lib/gcc/arm-none-eabi/11.3.1/../../../../arm-none-eabi/lib/thumb/v7-m/nofp/libnosys.a
END GROUP
LOAD /Applications/STM32CubeIDE.app/Contents/Eclipse/plugins/com.st.stm32cube.ide.mcu.externaltools.gnu-tools-for-stm32.11.3.rel1.macos64_1.1.1.202309131626/tools/bin/../lib/gcc/arm-none-eabi/11.3.1/thumb/v7-m/nofp/crtend.o
LOAD /Applications/STM32CubeIDE.app/Contents/Eclipse/plugins/com.st.stm32cube.ide.mcu.externaltools.gnu-tools-for-stm32.11.3.rel1.macos64_1.1.1.202309131626/tools/bin/../lib/gcc/arm-none-eabi/11.3.1/thumb/v7-m/nofp/crtn.o
                0x0000000020008000                _estack = (ORIGIN (RAM) + LENGTH (RAM))
                0x0000000000000200                _Min_Heap_Size = 0x200
                0x0000000000000400                _Min_Stack_Size = 0x400

.isr_vector     0x0000000008000000      0x13c
                0x0000000008000000                . = ALIGN (0x4)
 *(.isr_vector)
 .isr_vector    0x0000000008000000      0x13c ./Core/Startup/startup_stm32l152rctx.o
                0x0000000008000000                g_pfnVectors
                0x000000000800013c                . = ALIGN (0x4)

.text           0x000000000800013c     0x2894
                0x000000000800013c                . = ALIGN (0x4)
 *(.text)
 .text          0x000000000800013c       0x40 /Applications/STM32CubeIDE.app/Contents/Eclipse/plugins/com.st.stm32cube.ide.mcu.externaltools.gnu-tools-for-stm32.11.3.rel1.macos64_1.1.1.202309131626/tools/bin/../lib/gcc/arm-none-eabi/11.3.1/thumb/v7-m/nofp/crtbegin.o
 .text          0x000000000800017c       0x10 /Applications/STM32CubeIDE.app/Contents/Eclipse/plugins/com.st.stm32cube.ide.mcu.externaltools.gnu-tools-for-stm32.11.3.rel1.macos64_1.1.1.202309131626/tools/bin/../lib/gcc/arm-none-eabi/11.3.1/../../../../arm-none-eabi/lib/thumb/v7-m/nofp/libc_nano.a(libc_a-strlen.o)
                0x000000000800017c                strlen
 .text          0x000000000800018c       0x30 /Applications/STM32CubeIDE.app/Contents/Eclipse/plugins/com.st.stm32cube.ide.mcu.externaltools.gnu-tools-for-stm32.11.3.rel1.macos64_1.1.1.202309131626/tools/bin/../lib/gcc/arm-none-eabi/11.3.1/thumb/v7-m/nofp/libgcc.a(_aeabi_uldivmod.o)
                0x000000000800018c                __aeabi_uldivmod
 .text          0x00000000080001bc      0x2cc /Applications/STM32CubeIDE.app/Contents/Eclipse/plugins/com.st.stm32cube.ide.mcu.externaltools.gnu-tools-for-stm32.11.3.rel1.macos64_1.1.1.202309131626/tools/bin/../lib/gcc/arm-none-eabi/11.3.1/thumb/v7-m/nofp/libgcc.a(_udivmoddi4.o)
                0x00000000080001bc                __udivmoddi4
 .text          0x0000000008000488        0x4 /Applications/STM32CubeIDE.app/Contents/Eclipse/plugins/com.st.stm32cube.ide.mcu.externaltools.gnu-tools-for-stm32.11.3.rel1.macos64_1.1.1.202309131626/tools/bin/../lib/gcc/arm-none-eabi/11.3.1/thumb/v7-m/nofp/libgcc.a(_dvmd_tls.o)
                0x0000000008000488                __aeabi_ldiv0
                0x0000000008000488                __aeabi_idiv0
 *(.text*)
 .text.ConsoleCommandMatch
                0x000000000800048c       0x98 ./Core/Src/console.o
 .text.ConsoleResetBuffer
                0x0000000008000524       0x62 ./Core/Src/console.o
 .text.ConsoleCommandEndline
                0x0000000008000586       0x54 ./Core/Src/console.o
 *fill*         0x00000000080005da        0x2 
 .text.ConsoleInit
                0x00000000080005dc       0x5c ./Core/Src/console.o
                0x00000000080005dc                ConsoleInit
 .text.ConsoleProcess
                0x0000000008000638      0x178 ./Core/Src/console.o
                0x0000000008000638                ConsoleProcess
 .text.ConsoleParamFindN
                0x00000000080007b0       0x62 ./Core/Src/console.o
 .text.ConsoleReceiveParamInt16
                0x0000000008000812       0xbc ./Core/Src/console.o
                0x0000000008000812                ConsoleReceiveParamInt16
 .text.ConsoleReceiveParamHexUint16
                0x00000000080008ce       0x92 ./Core/Src/console.o
                0x00000000080008ce                ConsoleReceiveParamHexUint16
 .text.ConsoleSendParamHexUint16
                0x0000000008000960       0x72 ./Core/Src/console.o
                0x0000000008000960                ConsoleSendParamHexUint16
 .text.smallItoa
                0x00000000080009d2       0xa8 ./Core/Src/console.o
 .text.ConsoleSendParamInt16
                0x0000000008000a7a       0x2e ./Core/Src/console.o
                0x0000000008000a7a                ConsoleSendParamInt16
 .text.ConsoleUtilHexCharToInt
                0x0000000008000aa8       0x80 ./Core/Src/console.o
 .text.ConsoleUtilsIntToHexChar
                0x0000000008000b28       0x4a ./Core/Src/console.o
 .text.ConsoleCommandComment
                0x0000000008000b72       0x14 ./Core/Src/consoleCommands.o
 *fill*         0x0000000008000b86        0x2 
 .text.ConsoleCommandHelp
                0x0000000008000b88       0x74 ./Core/Src/consoleCommands.o
 .text.ConsoleCommandParamExampleInt16
                0x0000000008000bfc       0x68 ./Core/Src/consoleCommands.o
 .text.ConsoleCommandParamExampleHexUint16
                0x0000000008000c64       0x48 ./Core/Src/consoleCommands.o
 .text.ConsoleCommandVer
                0x0000000008000cac       0x2c ./Core/Src/consoleCommands.o
 .text.ConsoleCommandToggleGreenLed
                0x0000000008000cd8       0x20 ./Core/Src/consoleCommands.o
 .text.ConsoleCommandToggleBlueLed
                0x0000000008000cf8       0x20 ./Core/Src/consoleCommands.o
 .text.ConsoleCommandGetXYZPosition
                0x0000000008000d18       0x50 ./Core/Src/consoleCommands.o
 .text.ConsoleCommandsGetTable
                0x0000000008000d68       0x14 ./Core/Src/consoleCommands.o
                0x0000000008000d68                ConsoleCommandsGetTable
 .text.ConsoleIoInit
                0x0000000008000d7c        0xe ./Core/Src/consoleIo.o
                0x0000000008000d7c                ConsoleIoInit
 *fill*         0x0000000008000d8a        0x2 
 .text.ConsoleIoReceive
                0x0000000008000d8c       0x48 ./Core/Src/consoleIo.o
                0x0000000008000d8c                ConsoleIoReceive
 .text.ConsoleIoSendString
                0x0000000008000dd4       0x30 ./Core/Src/consoleIo.o
                0x0000000008000dd4                ConsoleIoSendString
 .text.MX_GPIO_Init
                0x0000000008000e04       0xbc ./Core/Src/gpio.o
                0x0000000008000e04                MX_GPIO_Init
 .text.main     0x0000000008000ec0       0x1e ./Core/Src/main.o
                0x0000000008000ec0                main
 *fill*         0x0000000008000ede        0x2 
 .text.SystemClock_Config
                0x0000000008000ee0       0x90 ./Core/Src/main.o
                0x0000000008000ee0                SystemClock_Config
 .text.Error_Handler
                0x0000000008000f70        0xa ./Core/Src/main.o
                0x0000000008000f70                Error_Handler
 *fill*         0x0000000008000f7a        0x2 
 .text.HAL_MspInit
                0x0000000008000f7c       0x5c ./Core/Src/stm32l1xx_hal_msp.o
                0x0000000008000f7c                HAL_MspInit
 .text.NMI_Handler
                0x0000000008000fd8        0x6 ./Core/Src/stm32l1xx_it.o
                0x0000000008000fd8                NMI_Handler
 .text.HardFault_Handler
                0x0000000008000fde        0x6 ./Core/Src/stm32l1xx_it.o
                0x0000000008000fde                HardFault_Handler
 .text.MemManage_Handler
                0x0000000008000fe4        0x6 ./Core/Src/stm32l1xx_it.o
                0x0000000008000fe4                MemManage_Handler
 .text.BusFault_Handler
                0x0000000008000fea        0x6 ./Core/Src/stm32l1xx_it.o
                0x0000000008000fea                BusFault_Handler
 .text.UsageFault_Handler
                0x0000000008000ff0        0x6 ./Core/Src/stm32l1xx_it.o
                0x0000000008000ff0                UsageFault_Handler
 .text.SVC_Handler
                0x0000000008000ff6        0xc ./Core/Src/stm32l1xx_it.o
                0x0000000008000ff6                SVC_Handler
 .text.DebugMon_Handler
                0x0000000008001002        0xc ./Core/Src/stm32l1xx_it.o
                0x0000000008001002                DebugMon_Handler
 .text.PendSV_Handler
                0x000000000800100e        0xc ./Core/Src/stm32l1xx_it.o
                0x000000000800100e                PendSV_Handler
 .text.SysTick_Handler
                0x000000000800101a        0xc ./Core/Src/stm32l1xx_it.o
                0x000000000800101a                SysTick_Handler
 .text.SystemInit
                0x0000000008001026        0xc ./Core/Src/system_stm32l1xx.o
                0x0000000008001026                SystemInit
 *fill*         0x0000000008001032        0x2 
 .text.MX_USART3_UART_Init
                0x0000000008001034       0x54 ./Core/Src/usart.o
                0x0000000008001034                MX_USART3_UART_Init
 .text.HAL_UART_MspInit
                0x0000000008001088       0x88 ./Core/Src/usart.o
                0x0000000008001088                HAL_UART_MspInit
 .text.Reset_Handler
                0x0000000008001110       0x48 ./Core/Startup/startup_stm32l152rctx.o
                0x0000000008001110                Reset_Handler
 .text.Default_Handler
                0x0000000008001158        0x2 ./Core/Startup/startup_stm32l152rctx.o
                0x0000000008001158                DMA2_Channel3_IRQHandler
                0x0000000008001158                EXTI2_IRQHandler
                0x0000000008001158                COMP_ACQ_IRQHandler
                0x0000000008001158                TIM10_IRQHandler
                0x0000000008001158                USB_HP_IRQHandler
                0x0000000008001158                TIM6_IRQHandler
                0x0000000008001158                PVD_IRQHandler
                0x0000000008001158                EXTI3_IRQHandler
                0x0000000008001158                EXTI0_IRQHandler
                0x0000000008001158                I2C2_EV_IRQHandler
                0x0000000008001158                SPI1_IRQHandler
                0x0000000008001158                USB_FS_WKUP_IRQHandler
                0x0000000008001158                DMA2_Channel2_IRQHandler
                0x0000000008001158                DMA1_Channel4_IRQHandler
                0x0000000008001158                ADC1_IRQHandler
                0x0000000008001158                USART3_IRQHandler
                0x0000000008001158                DMA1_Channel7_IRQHandler
                0x0000000008001158                LCD_IRQHandler
                0x0000000008001158                TIM4_IRQHandler
                0x0000000008001158                DMA2_Channel1_IRQHandler
                0x0000000008001158                I2C1_EV_IRQHandler
                0x0000000008001158                DMA1_Channel6_IRQHandler
                0x0000000008001158                DMA2_Channel4_IRQHandler
                0x0000000008001158                TIM3_IRQHandler
                0x0000000008001158                RCC_IRQHandler
                0x0000000008001158                DMA1_Channel1_IRQHandler
                0x0000000008001158                Default_Handler
                0x0000000008001158                EXTI15_10_IRQHandler
                0x0000000008001158                TIM7_IRQHandler
                0x0000000008001158                TIM5_IRQHandler
                0x0000000008001158                EXTI9_5_IRQHandler
                0x0000000008001158                TIM9_IRQHandler
                0x0000000008001158                TAMPER_STAMP_IRQHandler
                0x0000000008001158                RTC_WKUP_IRQHandler
                0x0000000008001158                SPI2_IRQHandler
                0x0000000008001158                DMA2_Channel5_IRQHandler
                0x0000000008001158                DMA1_Channel5_IRQHandler
                0x0000000008001158                USB_LP_IRQHandler
                0x0000000008001158                EXTI4_IRQHandler
                0x0000000008001158                DMA1_Channel3_IRQHandler
                0x0000000008001158                COMP_IRQHandler
                0x0000000008001158                WWDG_IRQHandler
                0x0000000008001158                TIM2_IRQHandler
                0x0000000008001158                DAC_IRQHandler
                0x0000000008001158                EXTI1_IRQHandler
                0x0000000008001158                TIM11_IRQHandler
                0x0000000008001158                USART2_IRQHandler
                0x0000000008001158                I2C2_ER_IRQHandler
                0x0000000008001158                DMA1_Channel2_IRQHandler
                0x0000000008001158                FLASH_IRQHandler
                0x0000000008001158                USART1_IRQHandler
                0x0000000008001158                SPI3_IRQHandler
                0x0000000008001158                I2C1_ER_IRQHandler
                0x0000000008001158                RTC_Alarm_IRQHandler
 .text.HAL_Init
                0x000000000800115a       0x30 ./Drivers/STM32L1xx_HAL_Driver/Src/stm32l1xx_hal.o
                0x000000000800115a                HAL_Init
 *fill*         0x000000000800118a        0x2 
 .text.HAL_InitTick
                0x000000000800118c       0x74 ./Drivers/STM32L1xx_HAL_Driver/Src/stm32l1xx_hal.o
                0x000000000800118c                HAL_InitTick
 .text.HAL_IncTick
                0x0000000008001200       0x24 ./Drivers/STM32L1xx_HAL_Driver/Src/stm32l1xx_hal.o
                0x0000000008001200                HAL_IncTick
 .text.HAL_GetTick
                0x0000000008001224       0x14 ./Drivers/STM32L1xx_HAL_Driver/Src/stm32l1xx_hal.o
                0x0000000008001224                HAL_GetTick
 .text.__NVIC_SetPriorityGrouping
                0x0000000008001238       0x48 ./Drivers/STM32L1xx_HAL_Driver/Src/stm32l1xx_hal_cortex.o
 .text.__NVIC_GetPriorityGrouping
                0x0000000008001280       0x1c ./Drivers/STM32L1xx_HAL_Driver/Src/stm32l1xx_hal_cortex.o
 .text.__NVIC_SetPriority
                0x000000000800129c       0x54 ./Drivers/STM32L1xx_HAL_Driver/Src/stm32l1xx_hal_cortex.o
 .text.NVIC_EncodePriority
                0x00000000080012f0       0x64 ./Drivers/STM32L1xx_HAL_Driver/Src/stm32l1xx_hal_cortex.o
 .text.SysTick_Config
                0x0000000008001354       0x44 ./Drivers/STM32L1xx_HAL_Driver/Src/stm32l1xx_hal_cortex.o
 .text.HAL_NVIC_SetPriorityGrouping
                0x0000000008001398       0x16 ./Drivers/STM32L1xx_HAL_Driver/Src/stm32l1xx_hal_cortex.o
                0x0000000008001398                HAL_NVIC_SetPriorityGrouping
 .text.HAL_NVIC_SetPriority
                0x00000000080013ae       0x38 ./Drivers/STM32L1xx_HAL_Driver/Src/stm32l1xx_hal_cortex.o
                0x00000000080013ae                HAL_NVIC_SetPriority
 .text.HAL_SYSTICK_Config
                0x00000000080013e6       0x18 ./Drivers/STM32L1xx_HAL_Driver/Src/stm32l1xx_hal_cortex.o
                0x00000000080013e6                HAL_SYSTICK_Config
 *fill*         0x00000000080013fe        0x2 
 .text.HAL_GPIO_Init
                0x0000000008001400      0x300 ./Drivers/STM32L1xx_HAL_Driver/Src/stm32l1xx_hal_gpio.o
                0x0000000008001400                HAL_GPIO_Init
 .text.HAL_GPIO_WritePin
                0x0000000008001700       0x30 ./Drivers/STM32L1xx_HAL_Driver/Src/stm32l1xx_hal_gpio.o
                0x0000000008001700                HAL_GPIO_WritePin
 .text.HAL_GPIO_TogglePin
                0x0000000008001730       0x32 ./Drivers/STM32L1xx_HAL_Driver/Src/stm32l1xx_hal_gpio.o
                0x0000000008001730                HAL_GPIO_TogglePin
 *fill*         0x0000000008001762        0x2 
 .text.HAL_RCC_OscConfig
                0x0000000008001764      0x660 ./Drivers/STM32L1xx_HAL_Driver/Src/stm32l1xx_hal_rcc.o
                0x0000000008001764                HAL_RCC_OscConfig
 .text.HAL_RCC_ClockConfig
                0x0000000008001dc4      0x268 ./Drivers/STM32L1xx_HAL_Driver/Src/stm32l1xx_hal_rcc.o
                0x0000000008001dc4                HAL_RCC_ClockConfig
 .text.HAL_RCC_GetSysClockFreq
                0x000000000800202c      0x17c ./Drivers/STM32L1xx_HAL_Driver/Src/stm32l1xx_hal_rcc.o
                0x000000000800202c                HAL_RCC_GetSysClockFreq
 .text.HAL_RCC_GetHCLKFreq
                0x00000000080021a8       0x14 ./Drivers/STM32L1xx_HAL_Driver/Src/stm32l1xx_hal_rcc.o
                0x00000000080021a8                HAL_RCC_GetHCLKFreq
 .text.HAL_RCC_GetPCLK1Freq
                0x00000000080021bc       0x28 ./Drivers/STM32L1xx_HAL_Driver/Src/stm32l1xx_hal_rcc.o
                0x00000000080021bc                HAL_RCC_GetPCLK1Freq
 .text.HAL_RCC_GetPCLK2Freq
                0x00000000080021e4       0x28 ./Drivers/STM32L1xx_HAL_Driver/Src/stm32l1xx_hal_rcc.o
                0x00000000080021e4                HAL_RCC_GetPCLK2Freq
 .text.RCC_SetFlashLatencyFromMSIRange
                0x000000000800220c       0xc0 ./Drivers/STM32L1xx_HAL_Driver/Src/stm32l1xx_hal_rcc.o
 .text.HAL_UART_Init
                0x00000000080022cc       0xa0 ./Drivers/STM32L1xx_HAL_Driver/Src/stm32l1xx_hal_uart.o
                0x00000000080022cc                HAL_UART_Init
 .text.HAL_UART_Transmit
                0x000000000800236c      0x106 ./Drivers/STM32L1xx_HAL_Driver/Src/stm32l1xx_hal_uart.o
                0x000000000800236c                HAL_UART_Transmit
 .text.HAL_UART_Receive
                0x0000000008002472      0x124 ./Drivers/STM32L1xx_HAL_Driver/Src/stm32l1xx_hal_uart.o
                0x0000000008002472                HAL_UART_Receive
 .text.UART_WaitOnFlagUntilTimeout
                0x0000000008002596       0xdc ./Drivers/STM32L1xx_HAL_Driver/Src/stm32l1xx_hal_uart.o
 *fill*         0x0000000008002672        0x2 
 .text.UART_SetConfig
                0x0000000008002674      0x1c8 ./Drivers/STM32L1xx_HAL_Driver/Src/stm32l1xx_hal_uart.o
 .text.atoi     0x000000000800283c        0x8 /Applications/STM32CubeIDE.app/Contents/Eclipse/plugins/com.st.stm32cube.ide.mcu.externaltools.gnu-tools-for-stm32.11.3.rel1.macos64_1.1.1.202309131626/tools/bin/../lib/gcc/arm-none-eabi/11.3.1/../../../../arm-none-eabi/lib/thumb/v7-m/nofp/libc_nano.a(libc_a-atoi.o)
                0x000000000800283c                atoi
 .text._strtol_l.constprop.0
                0x0000000008002844       0xfc /Applications/STM32CubeIDE.app/Contents/Eclipse/plugins/com.st.stm32cube.ide.mcu.externaltools.gnu-tools-for-stm32.11.3.rel1.macos64_1.1.1.202309131626/tools/bin/../lib/gcc/arm-none-eabi/11.3.1/../../../../arm-none-eabi/lib/thumb/v7-m/nofp/libc_nano.a(libc_a-strtol.o)
 .text.strtol   0x0000000008002940       0x14 /Applications/STM32CubeIDE.app/Contents/Eclipse/plugins/com.st.stm32cube.ide.mcu.externaltools.gnu-tools-for-stm32.11.3.rel1.macos64_1.1.1.202309131626/tools/bin/../lib/gcc/arm-none-eabi/11.3.1/../../../../arm-none-eabi/lib/thumb/v7-m/nofp/libc_nano.a(libc_a-strtol.o)
                0x0000000008002940                strtol
 .text.memset   0x0000000008002954       0x10 /Applications/STM32CubeIDE.app/Contents/Eclipse/plugins/com.st.stm32cube.ide.mcu.externaltools.gnu-tools-for-stm32.11.3.rel1.macos64_1.1.1.202309131626/tools/bin/../lib/gcc/arm-none-eabi/11.3.1/../../../../arm-none-eabi/lib/thumb/v7-m/nofp/libc_nano.a(libc_a-memset.o)
                0x0000000008002954                memset
 .text.__errno  0x0000000008002964        0xc /Applications/STM32CubeIDE.app/Contents/Eclipse/plugins/com.st.stm32cube.ide.mcu.externaltools.gnu-tools-for-stm32.11.3.rel1.macos64_1.1.1.202309131626/tools/bin/../lib/gcc/arm-none-eabi/11.3.1/../../../../arm-none-eabi/lib/thumb/v7-m/nofp/libc_nano.a(libc_a-errno.o)
                0x0000000008002964                __errno
 .text.__libc_init_array
                0x0000000008002970       0x48 /Applications/STM32CubeIDE.app/Contents/Eclipse/plugins/com.st.stm32cube.ide.mcu.externaltools.gnu-tools-for-stm32.11.3.rel1.macos64_1.1.1.202309131626/tools/bin/../lib/gcc/arm-none-eabi/11.3.1/../../../../arm-none-eabi/lib/thumb/v7-m/nofp/libc_nano.a(libc_a-init.o)
                0x0000000008002970                __libc_init_array
 *(.glue_7)
 .glue_7        0x00000000080029b8        0x0 linker stubs
 *(.glue_7t)
 .glue_7t       0x00000000080029b8        0x0 linker stubs
 *(.eh_frame)
 .eh_frame      0x00000000080029b8        0x0 /Applications/STM32CubeIDE.app/Contents/Eclipse/plugins/com.st.stm32cube.ide.mcu.externaltools.gnu-tools-for-stm32.11.3.rel1.macos64_1.1.1.202309131626/tools/bin/../lib/gcc/arm-none-eabi/11.3.1/thumb/v7-m/nofp/crtbegin.o
 *(.init)
 .init          0x00000000080029b8        0x4 /Applications/STM32CubeIDE.app/Contents/Eclipse/plugins/com.st.stm32cube.ide.mcu.externaltools.gnu-tools-for-stm32.11.3.rel1.macos64_1.1.1.202309131626/tools/bin/../lib/gcc/arm-none-eabi/11.3.1/thumb/v7-m/nofp/crti.o
                0x00000000080029b8                _init
 .init          0x00000000080029bc        0x8 /Applications/STM32CubeIDE.app/Contents/Eclipse/plugins/com.st.stm32cube.ide.mcu.externaltools.gnu-tools-for-stm32.11.3.rel1.macos64_1.1.1.202309131626/tools/bin/../lib/gcc/arm-none-eabi/11.3.1/thumb/v7-m/nofp/crtn.o
 *(.fini)
 .fini          0x00000000080029c4        0x4 /Applications/STM32CubeIDE.app/Contents/Eclipse/plugins/com.st.stm32cube.ide.mcu.externaltools.gnu-tools-for-stm32.11.3.rel1.macos64_1.1.1.202309131626/tools/bin/../lib/gcc/arm-none-eabi/11.3.1/thumb/v7-m/nofp/crti.o
                0x00000000080029c4                _fini
 .fini          0x00000000080029c8        0x8 /Applications/STM32CubeIDE.app/Contents/Eclipse/plugins/com.st.stm32cube.ide.mcu.externaltools.gnu-tools-for-stm32.11.3.rel1.macos64_1.1.1.202309131626/tools/bin/../lib/gcc/arm-none-eabi/11.3.1/thumb/v7-m/nofp/crtn.o
                0x00000000080029d0                . = ALIGN (0x4)
                0x00000000080029d0                _etext = .

.vfp11_veneer   0x00000000080029d0        0x0
 .vfp11_veneer  0x00000000080029d0        0x0 linker stubs

.v4_bx          0x00000000080029d0        0x0
 .v4_bx         0x00000000080029d0        0x0 linker stubs

.iplt           0x00000000080029d0        0x0
 .iplt          0x00000000080029d0        0x0 /Applications/STM32CubeIDE.app/Contents/Eclipse/plugins/com.st.stm32cube.ide.mcu.externaltools.gnu-tools-for-stm32.11.3.rel1.macos64_1.1.1.202309131626/tools/bin/../lib/gcc/arm-none-eabi/11.3.1/thumb/v7-m/nofp/crtbegin.o

.rodata         0x00000000080029d0      0x4f0
                0x00000000080029d0                . = ALIGN (0x4)
 *(.rodata)
 .rodata        0x00000000080029d0       0x73 ./Core/Src/console.o
 *fill*         0x0000000008002a43        0x1 
 .rodata        0x0000000008002a44       0xca ./Core/Src/consoleCommands.o
 *(.rodata*)
 *fill*         0x0000000008002b0e        0x2 
 .rodata.mConsoleCommandTable
                0x0000000008002b10      0x288 ./Core/Src/consoleCommands.o
 .rodata.PLLMulTable
                0x0000000008002d98        0x9 ./Core/Src/system_stm32l1xx.o
                0x0000000008002d98                PLLMulTable
 *fill*         0x0000000008002da1        0x3 
 .rodata.AHBPrescTable
                0x0000000008002da4       0x10 ./Core/Src/system_stm32l1xx.o
                0x0000000008002da4                AHBPrescTable
 .rodata.APBPrescTable
                0x0000000008002db4        0x8 ./Core/Src/system_stm32l1xx.o
                0x0000000008002db4                APBPrescTable
 .rodata._ctype_
                0x0000000008002dbc      0x101 /Applications/STM32CubeIDE.app/Contents/Eclipse/plugins/com.st.stm32cube.ide.mcu.externaltools.gnu-tools-for-stm32.11.3.rel1.macos64_1.1.1.202309131626/tools/bin/../lib/gcc/arm-none-eabi/11.3.1/../../../../arm-none-eabi/lib/thumb/v7-m/nofp/libc_nano.a(libc_a-ctype_.o)
                0x0000000008002dbc                _ctype_
                0x0000000008002ec0                . = ALIGN (0x4)
 *fill*         0x0000000008002ebd        0x3 

.ARM.extab      0x0000000008002ec0        0x0
                0x0000000008002ec0                . = ALIGN (0x4)
 *(.ARM.extab* .gnu.linkonce.armextab.*)
                0x0000000008002ec0                . = ALIGN (0x4)

.ARM            0x0000000008002ec0        0x8
                0x0000000008002ec0                . = ALIGN (0x4)
                0x0000000008002ec0                __exidx_start = .
 *(.ARM.exidx*)
 .ARM.exidx     0x0000000008002ec0        0x8 /Applications/STM32CubeIDE.app/Contents/Eclipse/plugins/com.st.stm32cube.ide.mcu.externaltools.gnu-tools-for-stm32.11.3.rel1.macos64_1.1.1.202309131626/tools/bin/../lib/gcc/arm-none-eabi/11.3.1/thumb/v7-m/nofp/libgcc.a(_udivmoddi4.o)
                0x0000000008002ec8                __exidx_end = .
                0x0000000008002ec8                . = ALIGN (0x4)

.rel.dyn        0x0000000008002ec8        0x0
 .rel.iplt      0x0000000008002ec8        0x0 /Applications/STM32CubeIDE.app/Contents/Eclipse/plugins/com.st.stm32cube.ide.mcu.externaltools.gnu-tools-for-stm32.11.3.rel1.macos64_1.1.1.202309131626/tools/bin/../lib/gcc/arm-none-eabi/11.3.1/thumb/v7-m/nofp/crtbegin.o

.preinit_array  0x0000000008002ec8        0x0
                0x0000000008002ec8                . = ALIGN (0x4)
                0x0000000008002ec8                PROVIDE (__preinit_array_start = .)
 *(.preinit_array*)
                0x0000000008002ec8                PROVIDE (__preinit_array_end = .)
                0x0000000008002ec8                . = ALIGN (0x4)

.init_array     0x0000000008002ec8        0x4
                0x0000000008002ec8                . = ALIGN (0x4)
                0x0000000008002ec8                PROVIDE (__init_array_start = .)
 *(SORT_BY_NAME(.init_array.*))
 *(.init_array*)
 .init_array    0x0000000008002ec8        0x4 /Applications/STM32CubeIDE.app/Contents/Eclipse/plugins/com.st.stm32cube.ide.mcu.externaltools.gnu-tools-for-stm32.11.3.rel1.macos64_1.1.1.202309131626/tools/bin/../lib/gcc/arm-none-eabi/11.3.1/thumb/v7-m/nofp/crtbegin.o
                0x0000000008002ecc                PROVIDE (__init_array_end = .)
                0x0000000008002ecc                . = ALIGN (0x4)

.fini_array     0x0000000008002ecc        0x4
                0x0000000008002ecc                . = ALIGN (0x4)
                [!provide]                        PROVIDE (__fini_array_start = .)
 *(SORT_BY_NAME(.fini_array.*))
 *(.fini_array*)
 .fini_array    0x0000000008002ecc        0x4 /Applications/STM32CubeIDE.app/Contents/Eclipse/plugins/com.st.stm32cube.ide.mcu.externaltools.gnu-tools-for-stm32.11.3.rel1.macos64_1.1.1.202309131626/tools/bin/../lib/gcc/arm-none-eabi/11.3.1/thumb/v7-m/nofp/crtbegin.o
                [!provide]                        PROVIDE (__fini_array_end = .)
                0x0000000008002ed0                . = ALIGN (0x4)
                0x0000000008002ed0                _sidata = LOADADDR (.data)

.data           0x0000000020000000       0x5c load address 0x0000000008002ed0
                0x0000000020000000                . = ALIGN (0x4)
                0x0000000020000000                _sdata = .
 *(.data)
 *(.data*)
 .data.SystemCoreClock
                0x0000000020000000        0x4 ./Core/Src/system_stm32l1xx.o
                0x0000000020000000                SystemCoreClock
 .data.uwTickPrio
                0x0000000020000004        0x4 ./Drivers/STM32L1xx_HAL_Driver/Src/stm32l1xx_hal.o
                0x0000000020000004                uwTickPrio
 .data.uwTickFreq
                0x0000000020000008        0x4 ./Drivers/STM32L1xx_HAL_Driver/Src/stm32l1xx_hal.o
                0x0000000020000008                uwTickFreq
 .data._impure_data
                0x000000002000000c       0x4c /Applications/STM32CubeIDE.app/Contents/Eclipse/plugins/com.st.stm32cube.ide.mcu.externaltools.gnu-tools-for-stm32.11.3.rel1.macos64_1.1.1.202309131626/tools/bin/../lib/gcc/arm-none-eabi/11.3.1/../../../../arm-none-eabi/lib/thumb/v7-m/nofp/libc_nano.a(libc_a-impure.o)
                0x000000002000000c                _impure_data
 .data._impure_ptr
                0x0000000020000058        0x4 /Applications/STM32CubeIDE.app/Contents/Eclipse/plugins/com.st.stm32cube.ide.mcu.externaltools.gnu-tools-for-stm32.11.3.rel1.macos64_1.1.1.202309131626/tools/bin/../lib/gcc/arm-none-eabi/11.3.1/../../../../arm-none-eabi/lib/thumb/v7-m/nofp/libc_nano.a(libc_a-impure.o)
                0x0000000020000058                _impure_ptr
 *(.RamFunc)
 *(.RamFunc*)
                0x000000002000005c                . = ALIGN (0x4)
                0x000000002000005c                _edata = .

.igot.plt       0x000000002000005c        0x0 load address 0x0000000008002f2c
 .igot.plt      0x000000002000005c        0x0 /Applications/STM32CubeIDE.app/Contents/Eclipse/plugins/com.st.stm32cube.ide.mcu.externaltools.gnu-tools-for-stm32.11.3.rel1.macos64_1.1.1.202309131626/tools/bin/../lib/gcc/arm-none-eabi/11.3.1/thumb/v7-m/nofp/crtbegin.o
                0x000000002000005c                . = ALIGN (0x4)

.bss            0x000000002000005c      0x2a8 load address 0x0000000008002f2c
                0x000000002000005c                _sbss = .
                0x000000002000005c                __bss_start__ = _sbss
 *(.bss)
 .bss           0x000000002000005c       0x1c /Applications/STM32CubeIDE.app/Contents/Eclipse/plugins/com.st.stm32cube.ide.mcu.externaltools.gnu-tools-for-stm32.11.3.rel1.macos64_1.1.1.202309131626/tools/bin/../lib/gcc/arm-none-eabi/11.3.1/thumb/v7-m/nofp/crtbegin.o
 *(.bss*)
 .bss.mReceiveBuffer
                0x0000000020000078      0x100 ./Core/Src/console.o
                0x0000000020000078                mReceiveBuffer
 .bss.mReceivedSoFar
                0x0000000020000178        0x4 ./Core/Src/console.o
                0x0000000020000178                mReceivedSoFar
 .bss.mReceiveBufferNeedsChecking
                0x000000002000017c        0x1 ./Core/Src/console.o
                0x000000002000017c                mReceiveBufferNeedsChecking
 *fill*         0x000000002000017d        0x3 
 .bss.huart3    0x0000000020000180       0x48 ./Core/Src/usart.o
                0x0000000020000180                huart3
 .bss.uwTick    0x00000000200001c8        0x4 ./Drivers/STM32L1xx_HAL_Driver/Src/stm32l1xx_hal.o
                0x00000000200001c8                uwTick
 .bss.__sf      0x00000000200001cc      0x138 /Applications/STM32CubeIDE.app/Contents/Eclipse/plugins/com.st.stm32cube.ide.mcu.externaltools.gnu-tools-for-stm32.11.3.rel1.macos64_1.1.1.202309131626/tools/bin/../lib/gcc/arm-none-eabi/11.3.1/../../../../arm-none-eabi/lib/thumb/v7-m/nofp/libc_nano.a(libc_a-findfp.o)
                0x00000000200001cc                __sf
 *(COMMON)
                0x0000000020000304                . = ALIGN (0x4)
                0x0000000020000304                _ebss = .
                0x0000000020000304                __bss_end__ = _ebss

._user_heap_stack
                0x0000000020000304      0x604 load address 0x0000000008002f2c
                0x0000000020000308                . = ALIGN (0x8)
 *fill*         0x0000000020000304        0x4 
                [!provide]                        PROVIDE (end = .)
                0x0000000020000308                PROVIDE (_end = .)
                0x0000000020000508                . = (. + _Min_Heap_Size)
 *fill*         0x0000000020000308      0x200 
                0x0000000020000908                . = (. + _Min_Stack_Size)
 *fill*         0x0000000020000508      0x400 
                0x0000000020000908                . = ALIGN (0x8)

/DISCARD/
 libc.a(*)
 libm.a(*)
 libgcc.a(*)

.ARM.attributes
                0x0000000000000000       0x29
 *(.ARM.attributes)
 .ARM.attributes
                0x0000000000000000       0x1d /Applications/STM32CubeIDE.app/Contents/Eclipse/plugins/com.st.stm32cube.ide.mcu.externaltools.gnu-tools-for-stm32.11.3.rel1.macos64_1.1.1.202309131626/tools/bin/../lib/gcc/arm-none-eabi/11.3.1/thumb/v7-m/nofp/crti.o
 .ARM.attributes
                0x000000000000001d       0x2d /Applications/STM32CubeIDE.app/Contents/Eclipse/plugins/com.st.stm32cube.ide.mcu.externaltools.gnu-tools-for-stm32.11.3.rel1.macos64_1.1.1.202309131626/tools/bin/../lib/gcc/arm-none-eabi/11.3.1/thumb/v7-m/nofp/crtbegin.o
 .ARM.attributes
                0x000000000000004a       0x2d ./Core/Src/console.o
 .ARM.attributes
                0x0000000000000077       0x2d ./Core/Src/consoleCommands.o
 .ARM.attributes
                0x00000000000000a4       0x2d ./Core/Src/consoleIo.o
 .ARM.attributes
                0x00000000000000d1       0x2d ./Core/Src/gpio.o
 .ARM.attributes
                0x00000000000000fe       0x2d ./Core/Src/main.o
 .ARM.attributes
                0x000000000000012b       0x2d ./Core/Src/stm32l1xx_hal_msp.o
 .ARM.attributes
                0x0000000000000158       0x2d ./Core/Src/stm32l1xx_it.o
 .ARM.attributes
                0x0000000000000185       0x2d ./Core/Src/system_stm32l1xx.o
 .ARM.attributes
                0x00000000000001b2       0x2d ./Core/Src/usart.o
 .ARM.attributes
                0x00000000000001df       0x21 ./Core/Startup/startup_stm32l152rctx.o
 .ARM.attributes
                0x0000000000000200       0x2d ./Drivers/STM32L1xx_HAL_Driver/Src/stm32l1xx_hal.o
 .ARM.attributes
                0x000000000000022d       0x2d ./Drivers/STM32L1xx_HAL_Driver/Src/stm32l1xx_hal_cortex.o
 .ARM.attributes
                0x000000000000025a       0x2d ./Drivers/STM32L1xx_HAL_Driver/Src/stm32l1xx_hal_gpio.o
 .ARM.attributes
                0x0000000000000287       0x2d ./Drivers/STM32L1xx_HAL_Driver/Src/stm32l1xx_hal_rcc.o
 .ARM.attributes
                0x00000000000002b4       0x2d ./Drivers/STM32L1xx_HAL_Driver/Src/stm32l1xx_hal_uart.o
 .ARM.attributes
                0x00000000000002e1       0x2d /Applications/STM32CubeIDE.app/Contents/Eclipse/plugins/com.st.stm32cube.ide.mcu.externaltools.gnu-tools-for-stm32.11.3.rel1.macos64_1.1.1.202309131626/tools/bin/../lib/gcc/arm-none-eabi/11.3.1/../../../../arm-none-eabi/lib/thumb/v7-m/nofp/libc_nano.a(libc_a-atoi.o)
 .ARM.attributes
                0x000000000000030e       0x2d /Applications/STM32CubeIDE.app/Contents/Eclipse/plugins/com.st.stm32cube.ide.mcu.externaltools.gnu-tools-for-stm32.11.3.rel1.macos64_1.1.1.202309131626/tools/bin/../lib/gcc/arm-none-eabi/11.3.1/../../../../arm-none-eabi/lib/thumb/v7-m/nofp/libc_nano.a(libc_a-findfp.o)
 .ARM.attributes
                0x000000000000033b       0x2d /Applications/STM32CubeIDE.app/Contents/Eclipse/plugins/com.st.stm32cube.ide.mcu.externaltools.gnu-tools-for-stm32.11.3.rel1.macos64_1.1.1.202309131626/tools/bin/../lib/gcc/arm-none-eabi/11.3.1/../../../../arm-none-eabi/lib/thumb/v7-m/nofp/libc_nano.a(libc_a-strtol.o)
 .ARM.attributes
                0x0000000000000368       0x2d /Applications/STM32CubeIDE.app/Contents/Eclipse/plugins/com.st.stm32cube.ide.mcu.externaltools.gnu-tools-for-stm32.11.3.rel1.macos64_1.1.1.202309131626/tools/bin/../lib/gcc/arm-none-eabi/11.3.1/../../../../arm-none-eabi/lib/thumb/v7-m/nofp/libc_nano.a(libc_a-memset.o)
 .ARM.attributes
                0x0000000000000395       0x2d /Applications/STM32CubeIDE.app/Contents/Eclipse/plugins/com.st.stm32cube.ide.mcu.externaltools.gnu-tools-for-stm32.11.3.rel1.macos64_1.1.1.202309131626/tools/bin/../lib/gcc/arm-none-eabi/11.3.1/../../../../arm-none-eabi/lib/thumb/v7-m/nofp/libc_nano.a(libc_a-impure.o)
 .ARM.attributes
                0x00000000000003c2       0x2d /Applications/STM32CubeIDE.app/Contents/Eclipse/plugins/com.st.stm32cube.ide.mcu.externaltools.gnu-tools-for-stm32.11.3.rel1.macos64_1.1.1.202309131626/tools/bin/../lib/gcc/arm-none-eabi/11.3.1/../../../../arm-none-eabi/lib/thumb/v7-m/nofp/libc_nano.a(libc_a-errno.o)
 .ARM.attributes
                0x00000000000003ef       0x2d /Applications/STM32CubeIDE.app/Contents/Eclipse/plugins/com.st.stm32cube.ide.mcu.externaltools.gnu-tools-for-stm32.11.3.rel1.macos64_1.1.1.202309131626/tools/bin/../lib/gcc/arm-none-eabi/11.3.1/../../../../arm-none-eabi/lib/thumb/v7-m/nofp/libc_nano.a(libc_a-init.o)
 .ARM.attributes
                0x000000000000041c       0x17 /Applications/STM32CubeIDE.app/Contents/Eclipse/plugins/com.st.stm32cube.ide.mcu.externaltools.gnu-tools-for-stm32.11.3.rel1.macos64_1.1.1.202309131626/tools/bin/../lib/gcc/arm-none-eabi/11.3.1/../../../../arm-none-eabi/lib/thumb/v7-m/nofp/libc_nano.a(libc_a-strlen.o)
 .ARM.attributes
                0x0000000000000433       0x2d /Applications/STM32CubeIDE.app/Contents/Eclipse/plugins/com.st.stm32cube.ide.mcu.externaltools.gnu-tools-for-stm32.11.3.rel1.macos64_1.1.1.202309131626/tools/bin/../lib/gcc/arm-none-eabi/11.3.1/../../../../arm-none-eabi/lib/thumb/v7-m/nofp/libc_nano.a(libc_a-ctype_.o)
 .ARM.attributes
                0x0000000000000460       0x1d /Applications/STM32CubeIDE.app/Contents/Eclipse/plugins/com.st.stm32cube.ide.mcu.externaltools.gnu-tools-for-stm32.11.3.rel1.macos64_1.1.1.202309131626/tools/bin/../lib/gcc/arm-none-eabi/11.3.1/thumb/v7-m/nofp/libgcc.a(_aeabi_uldivmod.o)
 .ARM.attributes
                0x000000000000047d       0x2d /Applications/STM32CubeIDE.app/Contents/Eclipse/plugins/com.st.stm32cube.ide.mcu.externaltools.gnu-tools-for-stm32.11.3.rel1.macos64_1.1.1.202309131626/tools/bin/../lib/gcc/arm-none-eabi/11.3.1/thumb/v7-m/nofp/libgcc.a(_udivmoddi4.o)
 .ARM.attributes
                0x00000000000004aa       0x1d /Applications/STM32CubeIDE.app/Contents/Eclipse/plugins/com.st.stm32cube.ide.mcu.externaltools.gnu-tools-for-stm32.11.3.rel1.macos64_1.1.1.202309131626/tools/bin/../lib/gcc/arm-none-eabi/11.3.1/thumb/v7-m/nofp/libgcc.a(_dvmd_tls.o)
 .ARM.attributes
                0x00000000000004c7       0x1d /Applications/STM32CubeIDE.app/Contents/Eclipse/plugins/com.st.stm32cube.ide.mcu.externaltools.gnu-tools-for-stm32.11.3.rel1.macos64_1.1.1.202309131626/tools/bin/../lib/gcc/arm-none-eabi/11.3.1/thumb/v7-m/nofp/crtn.o
OUTPUT(command_line_interface.elf elf32-littlearm)
LOAD linker stubs
LOAD /Applications/STM32CubeIDE.app/Contents/Eclipse/plugins/com.st.stm32cube.ide.mcu.externaltools.gnu-tools-for-stm32.11.3.rel1.macos64_1.1.1.202309131626/tools/bin/../lib/gcc/arm-none-eabi/11.3.1/../../../../arm-none-eabi/lib/thumb/v7-m/nofp/libc.a
LOAD /Applications/STM32CubeIDE.app/Contents/Eclipse/plugins/com.st.stm32cube.ide.mcu.externaltools.gnu-tools-for-stm32.11.3.rel1.macos64_1.1.1.202309131626/tools/bin/../lib/gcc/arm-none-eabi/11.3.1/../../../../arm-none-eabi/lib/thumb/v7-m/nofp/libm.a
LOAD /Applications/STM32CubeIDE.app/Contents/Eclipse/plugins/com.st.stm32cube.ide.mcu.externaltools.gnu-tools-for-stm32.11.3.rel1.macos64_1.1.1.202309131626/tools/bin/../lib/gcc/arm-none-eabi/11.3.1/thumb/v7-m/nofp/libgcc.a

.comment        0x0000000000000000       0x43
 .comment       0x0000000000000000       0x43 /Applications/STM32CubeIDE.app/Contents/Eclipse/plugins/com.st.stm32cube.ide.mcu.externaltools.gnu-tools-for-stm32.11.3.rel1.macos64_1.1.1.202309131626/tools/bin/../lib/gcc/arm-none-eabi/11.3.1/thumb/v7-m/nofp/crtbegin.o
                                         0x44 (size before relaxing)
 .comment       0x0000000000000043       0x44 ./Core/Src/console.o
 .comment       0x0000000000000043       0x44 ./Core/Src/consoleCommands.o
 .comment       0x0000000000000043       0x44 ./Core/Src/consoleIo.o
 .comment       0x0000000000000043       0x44 ./Core/Src/gpio.o
 .comment       0x0000000000000043       0x44 ./Core/Src/main.o
 .comment       0x0000000000000043       0x44 ./Core/Src/stm32l1xx_hal_msp.o
 .comment       0x0000000000000043       0x44 ./Core/Src/stm32l1xx_it.o
 .comment       0x0000000000000043       0x44 ./Core/Src/system_stm32l1xx.o
 .comment       0x0000000000000043       0x44 ./Core/Src/usart.o
 .comment       0x0000000000000043       0x44 ./Drivers/STM32L1xx_HAL_Driver/Src/stm32l1xx_hal.o
 .comment       0x0000000000000043       0x44 ./Drivers/STM32L1xx_HAL_Driver/Src/stm32l1xx_hal_cortex.o
 .comment       0x0000000000000043       0x44 ./Drivers/STM32L1xx_HAL_Driver/Src/stm32l1xx_hal_gpio.o
 .comment       0x0000000000000043       0x44 ./Drivers/STM32L1xx_HAL_Driver/Src/stm32l1xx_hal_rcc.o
 .comment       0x0000000000000043       0x44 ./Drivers/STM32L1xx_HAL_Driver/Src/stm32l1xx_hal_uart.o

.debug_info     0x0000000000000000     0x79fd
 .debug_info    0x0000000000000000      0x891 ./Core/Src/console.o
 .debug_info    0x0000000000000891      0x4f0 ./Core/Src/consoleCommands.o
 .debug_info    0x0000000000000d81      0x6aa ./Core/Src/consoleIo.o
 .debug_info    0x000000000000142b      0x337 ./Core/Src/gpio.o
 .debug_info    0x0000000000001762      0x2f1 ./Core/Src/main.o
 .debug_info    0x0000000000001a53      0x1b4 ./Core/Src/stm32l1xx_hal_msp.o
 .debug_info    0x0000000000001c07      0x113 ./Core/Src/stm32l1xx_it.o
 .debug_info    0x0000000000001d1a      0x27c ./Core/Src/system_stm32l1xx.o
 .debug_info    0x0000000000001f96      0x804 ./Core/Src/usart.o
 .debug_info    0x000000000000279a       0x23 ./Core/Startup/startup_stm32l152rctx.o
 .debug_info    0x00000000000027bd      0x6e3 ./Drivers/STM32L1xx_HAL_Driver/Src/stm32l1xx_hal.o
 .debug_info    0x0000000000002ea0      0xca4 ./Drivers/STM32L1xx_HAL_Driver/Src/stm32l1xx_hal_cortex.o
 .debug_info    0x0000000000003b44      0x5a6 ./Drivers/STM32L1xx_HAL_Driver/Src/stm32l1xx_hal_gpio.o
 .debug_info    0x00000000000040ea      0x967 ./Drivers/STM32L1xx_HAL_Driver/Src/stm32l1xx_hal_rcc.o
 .debug_info    0x0000000000004a51     0x2fac ./Drivers/STM32L1xx_HAL_Driver/Src/stm32l1xx_hal_uart.o

.debug_abbrev   0x0000000000000000     0x1a1f
 .debug_abbrev  0x0000000000000000      0x23a ./Core/Src/console.o
 .debug_abbrev  0x000000000000023a      0x1af ./Core/Src/consoleCommands.o
 .debug_abbrev  0x00000000000003e9      0x1b5 ./Core/Src/consoleIo.o
 .debug_abbrev  0x000000000000059e      0x152 ./Core/Src/gpio.o
 .debug_abbrev  0x00000000000006f0      0x19f ./Core/Src/main.o
 .debug_abbrev  0x000000000000088f       0xc6 ./Core/Src/stm32l1xx_hal_msp.o
 .debug_abbrev  0x0000000000000955       0x73 ./Core/Src/stm32l1xx_it.o
 .debug_abbrev  0x00000000000009c8      0x11c ./Core/Src/system_stm32l1xx.o
 .debug_abbrev  0x0000000000000ae4      0x1f9 ./Core/Src/usart.o
 .debug_abbrev  0x0000000000000cdd       0x12 ./Core/Startup/startup_stm32l152rctx.o
 .debug_abbrev  0x0000000000000cef      0x275 ./Drivers/STM32L1xx_HAL_Driver/Src/stm32l1xx_hal.o
 .debug_abbrev  0x0000000000000f64      0x327 ./Drivers/STM32L1xx_HAL_Driver/Src/stm32l1xx_hal_cortex.o
 .debug_abbrev  0x000000000000128b      0x1d4 ./Drivers/STM32L1xx_HAL_Driver/Src/stm32l1xx_hal_gpio.o
 .debug_abbrev  0x000000000000145f      0x2b8 ./Drivers/STM32L1xx_HAL_Driver/Src/stm32l1xx_hal_rcc.o
 .debug_abbrev  0x0000000000001717      0x308 ./Drivers/STM32L1xx_HAL_Driver/Src/stm32l1xx_hal_uart.o

.debug_aranges  0x0000000000000000      0x768
 .debug_aranges
                0x0000000000000000       0xa0 ./Core/Src/console.o
 .debug_aranges
                0x00000000000000a0       0x60 ./Core/Src/consoleCommands.o
 .debug_aranges
                0x0000000000000100       0x30 ./Core/Src/consoleIo.o
 .debug_aranges
                0x0000000000000130       0x20 ./Core/Src/gpio.o
 .debug_aranges
                0x0000000000000150       0x30 ./Core/Src/main.o
 .debug_aranges
                0x0000000000000180       0x20 ./Core/Src/stm32l1xx_hal_msp.o
 .debug_aranges
                0x00000000000001a0       0x60 ./Core/Src/stm32l1xx_it.o
 .debug_aranges
                0x0000000000000200       0x28 ./Core/Src/system_stm32l1xx.o
 .debug_aranges
                0x0000000000000228       0x30 ./Core/Src/usart.o
 .debug_aranges
                0x0000000000000258       0x28 ./Core/Startup/startup_stm32l152rctx.o
 .debug_aranges
                0x0000000000000280       0xe0 ./Drivers/STM32L1xx_HAL_Driver/Src/stm32l1xx_hal.o
 .debug_aranges
                0x0000000000000360      0x118 ./Drivers/STM32L1xx_HAL_Driver/Src/stm32l1xx_hal_cortex.o
 .debug_aranges
                0x0000000000000478       0x58 ./Drivers/STM32L1xx_HAL_Driver/Src/stm32l1xx_hal_gpio.o
 .debug_aranges
                0x00000000000004d0       0x90 ./Drivers/STM32L1xx_HAL_Driver/Src/stm32l1xx_hal_rcc.o
 .debug_aranges
                0x0000000000000560      0x208 ./Drivers/STM32L1xx_HAL_Driver/Src/stm32l1xx_hal_uart.o

.debug_rnglists
                0x0000000000000000      0x591
 .debug_rnglists
                0x0000000000000000       0x79 ./Core/Src/console.o
 .debug_rnglists
                0x0000000000000079       0x43 ./Core/Src/consoleCommands.o
 .debug_rnglists
                0x00000000000000bc       0x1f ./Core/Src/consoleIo.o
 .debug_rnglists
                0x00000000000000db       0x14 ./Core/Src/gpio.o
 .debug_rnglists
                0x00000000000000ef       0x20 ./Core/Src/main.o
 .debug_rnglists
                0x000000000000010f       0x13 ./Core/Src/stm32l1xx_hal_msp.o
 .debug_rnglists
                0x0000000000000122       0x43 ./Core/Src/stm32l1xx_it.o
 .debug_rnglists
                0x0000000000000165       0x1a ./Core/Src/system_stm32l1xx.o
 .debug_rnglists
                0x000000000000017f       0x20 ./Core/Src/usart.o
 .debug_rnglists
                0x000000000000019f       0x19 ./Core/Startup/startup_stm32l152rctx.o
 .debug_rnglists
                0x00000000000001b8       0xa3 ./Drivers/STM32L1xx_HAL_Driver/Src/stm32l1xx_hal.o
 .debug_rnglists
                0x000000000000025b       0xce ./Drivers/STM32L1xx_HAL_Driver/Src/stm32l1xx_hal_cortex.o
 .debug_rnglists
                0x0000000000000329       0x3f ./Drivers/STM32L1xx_HAL_Driver/Src/stm32l1xx_hal_gpio.o
 .debug_rnglists
                0x0000000000000368       0x6d ./Drivers/STM32L1xx_HAL_Driver/Src/stm32l1xx_hal_rcc.o
 .debug_rnglists
                0x00000000000003d5      0x1bc ./Drivers/STM32L1xx_HAL_Driver/Src/stm32l1xx_hal_uart.o

.debug_macro    0x0000000000000000    0x158b4
 .debug_macro   0x0000000000000000      0x1ca ./Core/Src/console.o
 .debug_macro   0x00000000000001ca      0xa9c ./Core/Src/console.o
 .debug_macro   0x0000000000000c66       0x22 ./Core/Src/console.o
 .debug_macro   0x0000000000000c88       0x5b ./Core/Src/console.o
 .debug_macro   0x0000000000000ce3       0x24 ./Core/Src/console.o
 .debug_macro   0x0000000000000d07       0x94 ./Core/Src/console.o
 .debug_macro   0x0000000000000d9b       0x43 ./Core/Src/console.o
 .debug_macro   0x0000000000000dde       0x34 ./Core/Src/console.o
 .debug_macro   0x0000000000000e12      0x174 ./Core/Src/console.o
 .debug_macro   0x0000000000000f86       0x16 ./Core/Src/console.o
 .debug_macro   0x0000000000000f9c       0x43 ./Core/Src/console.o
 .debug_macro   0x0000000000000fdf       0x57 ./Core/Src/console.o
 .debug_macro   0x0000000000001036       0x34 ./Core/Src/console.o
 .debug_macro   0x000000000000106a       0x10 ./Core/Src/console.o
 .debug_macro   0x000000000000107a       0x58 ./Core/Src/console.o
 .debug_macro   0x00000000000010d2       0x8e ./Core/Src/console.o
 .debug_macro   0x0000000000001160       0x1c ./Core/Src/console.o
 .debug_macro   0x000000000000117c      0x177 ./Core/Src/console.o
 .debug_macro   0x00000000000012f3      0x369 ./Core/Src/console.o
 .debug_macro   0x000000000000165c       0x10 ./Core/Src/console.o
 .debug_macro   0x000000000000166c       0x35 ./Core/Src/console.o
 .debug_macro   0x00000000000016a1       0x20 ./Core/Src/console.o
 .debug_macro   0x00000000000016c1       0x16 ./Core/Src/console.o
 .debug_macro   0x00000000000016d7       0x16 ./Core/Src/console.o
 .debug_macro   0x00000000000016ed       0x29 ./Core/Src/console.o
 .debug_macro   0x0000000000001716       0x22 ./Core/Src/console.o
 .debug_macro   0x0000000000001738      0x103 ./Core/Src/console.o
 .debug_macro   0x000000000000183b       0x6a ./Core/Src/console.o
 .debug_macro   0x00000000000018a5      0x1df ./Core/Src/console.o
 .debug_macro   0x0000000000001a84       0x1c ./Core/Src/console.o
 .debug_macro   0x0000000000001aa0       0x22 ./Core/Src/console.o
 .debug_macro   0x0000000000001ac2      0x298 ./Core/Src/consoleCommands.o
 .debug_macro   0x0000000000001d5a       0x22 ./Core/Src/consoleCommands.o
 .debug_macro   0x0000000000001d7c       0x10 ./Core/Src/consoleCommands.o
 .debug_macro   0x0000000000001d8c      0x109 ./Core/Src/consoleCommands.o
 .debug_macro   0x0000000000001e95       0x2e ./Core/Src/consoleCommands.o
 .debug_macro   0x0000000000001ec3       0x22 ./Core/Src/consoleCommands.o
 .debug_macro   0x0000000000001ee5       0x1c ./Core/Src/consoleCommands.o
 .debug_macro   0x0000000000001f01       0x22 ./Core/Src/consoleCommands.o
 .debug_macro   0x0000000000001f23       0xbd ./Core/Src/consoleCommands.o
 .debug_macro   0x0000000000001fe0      0xe49 ./Core/Src/consoleCommands.o
 .debug_macro   0x0000000000002e29      0x11f ./Core/Src/consoleCommands.o
 .debug_macro   0x0000000000002f48     0xb1ce ./Core/Src/consoleCommands.o
 .debug_macro   0x000000000000e116       0x6d ./Core/Src/consoleCommands.o
 .debug_macro   0x000000000000e183     0x34cc ./Core/Src/consoleCommands.o
 .debug_macro   0x000000000001164f       0x55 ./Core/Src/consoleCommands.o
 .debug_macro   0x00000000000116a4      0xe37 ./Core/Src/consoleCommands.o
 .debug_macro   0x00000000000124db      0x243 ./Core/Src/consoleCommands.o
 .debug_macro   0x000000000001271e      0x1b8 ./Core/Src/consoleCommands.o
 .debug_macro   0x00000000000128d6       0xb9 ./Core/Src/consoleCommands.o
 .debug_macro   0x000000000001298f      0x21e ./Core/Src/consoleCommands.o
 .debug_macro   0x0000000000012bad      0x236 ./Core/Src/consoleCommands.o
 .debug_macro   0x0000000000012de3      0x11c ./Core/Src/consoleCommands.o
 .debug_macro   0x0000000000012eff      0x56e ./Core/Src/consoleCommands.o
 .debug_macro   0x000000000001346d      0x1e9 ./Core/Src/consoleCommands.o
 .debug_macro   0x0000000000013656       0x22 ./Core/Src/consoleCommands.o
 .debug_macro   0x0000000000013678      0x2aa ./Core/Src/consoleCommands.o
 .debug_macro   0x0000000000013922      0x162 ./Core/Src/consoleCommands.o
 .debug_macro   0x0000000000013a84      0x3ff ./Core/Src/consoleCommands.o
 .debug_macro   0x0000000000013e83      0x2c6 ./Core/Src/consoleIo.o
 .debug_macro   0x0000000000014149       0x8e ./Core/Src/consoleIo.o
 .debug_macro   0x00000000000141d7       0x51 ./Core/Src/consoleIo.o
 .debug_macro   0x0000000000014228       0x61 ./Core/Src/consoleIo.o
 .debug_macro   0x0000000000014289       0x16 ./Core/Src/consoleIo.o
 .debug_macro   0x000000000001429f       0x97 ./Core/Src/consoleIo.o
 .debug_macro   0x0000000000014336       0xfd ./Core/Src/consoleIo.o
 .debug_macro   0x0000000000014433       0x10 ./Core/Src/consoleIo.o
 .debug_macro   0x0000000000014443       0x16 ./Core/Src/consoleIo.o
 .debug_macro   0x0000000000014459       0x16 ./Core/Src/consoleIo.o
 .debug_macro   0x000000000001446f      0x147 ./Core/Src/consoleIo.o
 .debug_macro   0x00000000000145b6       0x1c ./Core/Src/consoleIo.o
 .debug_macro   0x00000000000145d2       0x16 ./Core/Src/consoleIo.o
 .debug_macro   0x00000000000145e8      0x1b4 ./Core/Src/gpio.o
 .debug_macro   0x000000000001479c       0x5b ./Core/Src/gpio.o
 .debug_macro   0x00000000000147f7      0x1cb ./Core/Src/main.o
 .debug_macro   0x00000000000149c2      0x1aa ./Core/Src/stm32l1xx_hal_msp.o
 .debug_macro   0x0000000000014b6c      0x1b4 ./Core/Src/stm32l1xx_it.o
 .debug_macro   0x0000000000014d20      0x19b ./Core/Src/system_stm32l1xx.o
 .debug_macro   0x0000000000014ebb      0x1b4 ./Core/Src/usart.o
 .debug_macro   0x000000000001506f      0x1bf ./Drivers/STM32L1xx_HAL_Driver/Src/stm32l1xx_hal.o
 .debug_macro   0x000000000001522e      0x19b ./Drivers/STM32L1xx_HAL_Driver/Src/stm32l1xx_hal_cortex.o
 .debug_macro   0x00000000000153c9      0x1a2 ./Drivers/STM32L1xx_HAL_Driver/Src/stm32l1xx_hal_gpio.o
 .debug_macro   0x000000000001556b      0x1ad ./Drivers/STM32L1xx_HAL_Driver/Src/stm32l1xx_hal_rcc.o
 .debug_macro   0x0000000000015718      0x19c ./Drivers/STM32L1xx_HAL_Driver/Src/stm32l1xx_hal_uart.o

.debug_line     0x0000000000000000     0x9c4d
 .debug_line    0x0000000000000000      0xa30 ./Core/Src/console.o
 .debug_line    0x0000000000000a30      0x962 ./Core/Src/consoleCommands.o
 .debug_line    0x0000000000001392      0x86e ./Core/Src/consoleIo.o
 .debug_line    0x0000000000001c00      0x6af ./Core/Src/gpio.o
 .debug_line    0x00000000000022af      0x71e ./Core/Src/main.o
 .debug_line    0x00000000000029cd      0x692 ./Core/Src/stm32l1xx_hal_msp.o
 .debug_line    0x000000000000305f      0x753 ./Core/Src/stm32l1xx_it.o
 .debug_line    0x00000000000037b2      0x731 ./Core/Src/system_stm32l1xx.o
 .debug_line    0x0000000000003ee3      0x6fa ./Core/Src/usart.o
 .debug_line    0x00000000000045dd       0x79 ./Core/Startup/startup_stm32l152rctx.o
 .debug_line    0x0000000000004656      0x954 ./Drivers/STM32L1xx_HAL_Driver/Src/stm32l1xx_hal.o
 .debug_line    0x0000000000004faa      0xc21 ./Drivers/STM32L1xx_HAL_Driver/Src/stm32l1xx_hal_cortex.o
 .debug_line    0x0000000000005bcb      0x9a4 ./Drivers/STM32L1xx_HAL_Driver/Src/stm32l1xx_hal_gpio.o
 .debug_line    0x000000000000656f      0xe5b ./Drivers/STM32L1xx_HAL_Driver/Src/stm32l1xx_hal_rcc.o
 .debug_line    0x00000000000073ca     0x2883 ./Drivers/STM32L1xx_HAL_Driver/Src/stm32l1xx_hal_uart.o

.debug_str      0x0000000000000000    0x81aac
 .debug_str     0x0000000000000000     0x762f ./Core/Src/console.o
                                       0x7868 (size before relaxing)
 .debug_str     0x000000000000762f    0x7807f ./Core/Src/consoleCommands.o
                                      0x7f52a (size before relaxing)
 .debug_str     0x000000000007f6ae      0xaee ./Core/Src/consoleIo.o
                                      0x7fc53 (size before relaxing)
 .debug_str     0x000000000008019c      0x118 ./Core/Src/gpio.o
                                      0x7c117 (size before relaxing)
 .debug_str     0x00000000000802b4      0x1c9 ./Core/Src/main.o
                                      0x7c24d (size before relaxing)
 .debug_str     0x000000000008047d       0x2c ./Core/Src/stm32l1xx_hal_msp.o
                                      0x7c03a (size before relaxing)
 .debug_str     0x00000000000804a9       0xc9 ./Core/Src/stm32l1xx_it.o
                                      0x7c057 (size before relaxing)
 .debug_str     0x0000000000080572       0x99 ./Core/Src/system_stm32l1xx.o
                                      0x7c044 (size before relaxing)
 .debug_str     0x000000000008060b       0x61 ./Core/Src/usart.o
                                      0x7c54d (size before relaxing)
 .debug_str     0x000000000008066c       0x34 ./Core/Startup/startup_stm32l152rctx.o
                                         0x70 (size before relaxing)
 .debug_str     0x00000000000806a0      0x681 ./Drivers/STM32L1xx_HAL_Driver/Src/stm32l1xx_hal.o
                                      0x7c753 (size before relaxing)
 .debug_str     0x0000000000080d21      0x3c9 ./Drivers/STM32L1xx_HAL_Driver/Src/stm32l1xx_hal_cortex.o
                                      0x7c82d (size before relaxing)
 .debug_str     0x00000000000810ea      0x108 ./Drivers/STM32L1xx_HAL_Driver/Src/stm32l1xx_hal_gpio.o
                                      0x7c1d7 (size before relaxing)
 .debug_str     0x00000000000811f2      0x275 ./Drivers/STM32L1xx_HAL_Driver/Src/stm32l1xx_hal_rcc.o
                                      0x7c4f4 (size before relaxing)
 .debug_str     0x0000000000081467      0x645 ./Drivers/STM32L1xx_HAL_Driver/Src/stm32l1xx_hal_uart.o
                                      0x7caa9 (size before relaxing)

.debug_frame    0x0000000000000000     0x1e2c
 .debug_frame   0x0000000000000000      0x290 ./Core/Src/console.o
 .debug_frame   0x0000000000000290      0x154 ./Core/Src/consoleCommands.o
 .debug_frame   0x00000000000003e4       0x78 ./Core/Src/consoleIo.o
 .debug_frame   0x000000000000045c       0x34 ./Core/Src/gpio.o
 .debug_frame   0x0000000000000490       0x68 ./Core/Src/main.o
 .debug_frame   0x00000000000004f8       0x38 ./Core/Src/stm32l1xx_hal_msp.o
 .debug_frame   0x0000000000000530      0x104 ./Core/Src/stm32l1xx_it.o
 .debug_frame   0x0000000000000634       0x58 ./Core/Src/system_stm32l1xx.o
 .debug_frame   0x000000000000068c       0x74 ./Core/Src/usart.o
 .debug_frame   0x0000000000000700      0x33c ./Drivers/STM32L1xx_HAL_Driver/Src/stm32l1xx_hal.o
 .debug_frame   0x0000000000000a3c      0x498 ./Drivers/STM32L1xx_HAL_Driver/Src/stm32l1xx_hal_cortex.o
 .debug_frame   0x0000000000000ed4      0x14c ./Drivers/STM32L1xx_HAL_Driver/Src/stm32l1xx_hal_gpio.o
 .debug_frame   0x0000000000001020      0x224 ./Drivers/STM32L1xx_HAL_Driver/Src/stm32l1xx_hal_rcc.o
 .debug_frame   0x0000000000001244      0x944 ./Drivers/STM32L1xx_HAL_Driver/Src/stm32l1xx_hal_uart.o
 .debug_frame   0x0000000000001b88       0x30 /Applications/STM32CubeIDE.app/Contents/Eclipse/plugins/com.st.stm32cube.ide.mcu.externaltools.gnu-tools-for-stm32.11.3.rel1.macos64_1.1.1.202309131626/tools/bin/../lib/gcc/arm-none-eabi/11.3.1/../../../../arm-none-eabi/lib/thumb/v7-m/nofp/libc_nano.a(libc_a-atoi.o)
 .debug_frame   0x0000000000001bb8      0x144 /Applications/STM32CubeIDE.app/Contents/Eclipse/plugins/com.st.stm32cube.ide.mcu.externaltools.gnu-tools-for-stm32.11.3.rel1.macos64_1.1.1.202309131626/tools/bin/../lib/gcc/arm-none-eabi/11.3.1/../../../../arm-none-eabi/lib/thumb/v7-m/nofp/libc_nano.a(libc_a-findfp.o)
 .debug_frame   0x0000000000001cfc       0x64 /Applications/STM32CubeIDE.app/Contents/Eclipse/plugins/com.st.stm32cube.ide.mcu.externaltools.gnu-tools-for-stm32.11.3.rel1.macos64_1.1.1.202309131626/tools/bin/../lib/gcc/arm-none-eabi/11.3.1/../../../../arm-none-eabi/lib/thumb/v7-m/nofp/libc_nano.a(libc_a-strtol.o)
 .debug_frame   0x0000000000001d60       0x20 /Applications/STM32CubeIDE.app/Contents/Eclipse/plugins/com.st.stm32cube.ide.mcu.externaltools.gnu-tools-for-stm32.11.3.rel1.macos64_1.1.1.202309131626/tools/bin/../lib/gcc/arm-none-eabi/11.3.1/../../../../arm-none-eabi/lib/thumb/v7-m/nofp/libc_nano.a(libc_a-memset.o)
 .debug_frame   0x0000000000001d80       0x20 /Applications/STM32CubeIDE.app/Contents/Eclipse/plugins/com.st.stm32cube.ide.mcu.externaltools.gnu-tools-for-stm32.11.3.rel1.macos64_1.1.1.202309131626/tools/bin/../lib/gcc/arm-none-eabi/11.3.1/../../../../arm-none-eabi/lib/thumb/v7-m/nofp/libc_nano.a(libc_a-errno.o)
 .debug_frame   0x0000000000001da0       0x2c /Applications/STM32CubeIDE.app/Contents/Eclipse/plugins/com.st.stm32cube.ide.mcu.externaltools.gnu-tools-for-stm32.11.3.rel1.macos64_1.1.1.202309131626/tools/bin/../lib/gcc/arm-none-eabi/11.3.1/../../../../arm-none-eabi/lib/thumb/v7-m/nofp/libc_nano.a(libc_a-init.o)
 .debug_frame   0x0000000000001dcc       0x2c /Applications/STM32CubeIDE.app/Contents/Eclipse/plugins/com.st.stm32cube.ide.mcu.externaltools.gnu-tools-for-stm32.11.3.rel1.macos64_1.1.1.202309131626/tools/bin/../lib/gcc/arm-none-eabi/11.3.1/thumb/v7-m/nofp/libgcc.a(_aeabi_uldivmod.o)
 .debug_frame   0x0000000000001df8       0x34 /Applications/STM32CubeIDE.app/Contents/Eclipse/plugins/com.st.stm32cube.ide.mcu.externaltools.gnu-tools-for-stm32.11.3.rel1.macos64_1.1.1.202309131626/tools/bin/../lib/gcc/arm-none-eabi/11.3.1/thumb/v7-m/nofp/libgcc.a(_udivmoddi4.o)

.debug_line_str
                0x0000000000000000       0x64
 .debug_line_str
                0x0000000000000000       0x64 ./Core/Startup/startup_stm32l152rctx.o
                                         0x7c (size before relaxing)
