../Drivers/STM32L1xx_HAL_Driver/Src/stm32l1xx_hal_pwr 2.c:84:6:HAL_PWR_DeInit	4	static
../Drivers/STM32L1xx_HAL_Driver/Src/stm32l1xx_hal_pwr 2.c:97:6:HAL_PWR_EnableBkUpAccess	16	static,ignoring_inline_asm
../Drivers/STM32L1xx_HAL_Driver/Src/stm32l1xx_hal_pwr 2.c:110:6:HAL_PWR_DisableBkUpAccess	16	static,ignoring_inline_asm
../Drivers/STM32L1xx_HAL_Driver/Src/stm32l1xx_hal_pwr 2.c:338:6:HAL_PWR_ConfigPVD	16	static
../Drivers/STM32L1xx_HAL_Driver/Src/stm32l1xx_hal_pwr 2.c:380:6:HAL_PWR_EnablePVD	16	static,ignoring_inline_asm
../Drivers/STM32L1xx_HAL_Driver/Src/stm32l1xx_hal_pwr 2.c:390:6:HAL_PWR_DisablePVD	16	static,ignoring_inline_asm
../Drivers/STM32L1xx_HAL_Driver/Src/stm32l1xx_hal_pwr 2.c:405:6:HAL_PWR_EnableWakeUpPin	24	static,ignoring_inline_asm
../Drivers/STM32L1xx_HAL_Driver/Src/stm32l1xx_hal_pwr 2.c:422:6:HAL_PWR_DisableWakeUpPin	24	static,ignoring_inline_asm
../Drivers/STM32L1xx_HAL_Driver/Src/stm32l1xx_hal_pwr 2.c:445:6:HAL_PWR_EnterSLEEPMode	16	static,ignoring_inline_asm
../Drivers/STM32L1xx_HAL_Driver/Src/stm32l1xx_hal_pwr 2.c:491:6:HAL_PWR_EnterSTOPMode	16	static,ignoring_inline_asm
../Drivers/STM32L1xx_HAL_Driver/Src/stm32l1xx_hal_pwr 2.c:531:6:HAL_PWR_EnterSTANDBYMode	4	static,ignoring_inline_asm
../Drivers/STM32L1xx_HAL_Driver/Src/stm32l1xx_hal_pwr 2.c:556:6:HAL_PWR_EnableSleepOnExit	4	static
../Drivers/STM32L1xx_HAL_Driver/Src/stm32l1xx_hal_pwr 2.c:569:6:HAL_PWR_DisableSleepOnExit	4	static
../Drivers/STM32L1xx_HAL_Driver/Src/stm32l1xx_hal_pwr 2.c:582:6:HAL_PWR_EnableSEVOnPend	4	static
../Drivers/STM32L1xx_HAL_Driver/Src/stm32l1xx_hal_pwr 2.c:595:6:HAL_PWR_DisableSEVOnPend	4	static
../Drivers/STM32L1xx_HAL_Driver/Src/stm32l1xx_hal_pwr 2.c:608:6:HAL_PWR_PVD_IRQHandler	8	static
../Drivers/STM32L1xx_HAL_Driver/Src/stm32l1xx_hal_pwr 2.c:625:13:HAL_PWR_PVDCallback	4	static
